[brightelectronicsdallas.com/tv-repair/index.html]
[backblue.gif]
[fade.gif]
[index.html]
[brightelectronicsdallas.com/wp-content/uploads/siteground-optimizer-assets/siteground-optimizer-combined-css-14f5727f613af66a59de5845bc615e4e.css]
[use.fontawesome.com/releases/v6.2.0/css/all.css]
[brightelectronicsdallas.com/wp-content/plugins/supreme-modules-for-divi/styles/style.mincc44.css]
[use.fontawesome.com/releases/v6.2.0/css/v4-shims.css]
[brightelectronicsdallas.com/wp-content/themes/Divi/style-static.min41c1.css]
[brightelectronicsdallas.com/wp-includes/js/jquery/jquery.minf43b.js]
[brightelectronicsdallas.com/wp-content/uploads/2023/07/cropped-Bright-Electronics-fav--32x32.png]
[brightelectronicsdallas.com/wp-content/uploads/2023/07/cropped-Bright-Electronics-fav--192x192.png]
[brightelectronicsdallas.com/wp-content/uploads/2023/07/cropped-Bright-Electronics-fav--180x180.png]
[brightelectronicsdallas.com/wp-content/et-cache/151/et-core-unified-tb-290-151.minb25c.css]
[brightelectronicsdallas.com/wp-content/et-cache/151/et-core-unified-151.minb25c.css]
[brightelectronicsdallas.com/wp-content/et-cache/151/et-core-unified-tb-290-deferred-151.minb25c.css]
[brightelectronicsdallas.com/wp-content/uploads/2022/09/Bright-Electronics.png]
[brightelectronicsdallas.com/wp-content/uploads/2022/09/glitch-tv.jpg]
[brightelectronicsdallas.com/wp-content/uploads/2023/07/service-226x300.png]
[brightelectronicsdallas.com/wp-content/plugins/popup-maker/assets/js/site.min4263.js]
[brightelectronicsdallas.com/tv-repair/index.html]
[brightelectronicsdallas.com/wp-content/uploads/siteground-optimizer-assets/siteground-optimizer-combined-css-14f5727f613af66a59de5845bc615e4e.css]
[use.fontawesome.com/releases/v6.2.0/css/all.css]
[brightelectronicsdallas.com/wp-content/plugins/supreme-modules-for-divi/styles/style.mincc44.css]
[brightelectronicsdallas.com/wp-content/uploads/siteground-optimizer-assets/siteground-optimizer-combined-js-1cd61a90b4f205d6966552b919bd4e33.js]
[brightelectronicsdallas.com/wp-content/themes/Divi/includes/builder/styles/images/preloader.gif]
[brightelectronicsdallas.com/wp-content/themes/Divi/core/admin/fonts/modules/all/modules.eot]
[brightelectronicsdallas.com/wp-content/themes/Divi/core/admin/fonts/modules/all/modulesd41d.eot]
[brightelectronicsdallas.com/wp-content/themes/Divi/core/admin/fonts/modules/all/modules.woff]
[brightelectronicsdallas.com/wp-content/themes/Divi/core/admin/fonts/modules/all/modules.ttf]
[brightelectronicsdallas.com/wp-content/themes/Divi/core/admin/fonts/fontawesome/fa-regular-400.eot]
[brightelectronicsdallas.com/wp-content/themes/Divi/core/admin/fonts/fontawesome/fa-regular-400d41d.eot]
[brightelectronicsdallas.com/wp-content/themes/Divi/core/admin/fonts/fontawesome/fa-regular-400.woff2]
[brightelectronicsdallas.com/wp-content/themes/Divi/core/admin/fonts/fontawesome/fa-regular-400.woff]
[brightelectronicsdallas.com/wp-content/themes/Divi/core/admin/fonts/fontawesome/fa-regular-400.ttf]
[brightelectronicsdallas.com/wp-content/themes/Divi/core/admin/fonts/fontawesome/fa-regular-400.svg]
[brightelectronicsdallas.com/wp-content/themes/Divi/core/admin/fonts/fontawesome/fa-solid-900.eot]
[brightelectronicsdallas.com/wp-content/themes/Divi/core/admin/fonts/modules/all/modules.svg]
[brightelectronicsdallas.com/wp-content/themes/Divi/core/admin/fonts/fontawesome/fa-solid-900d41d.eot]
[brightelectronicsdallas.com/wp-content/themes/Divi/core/admin/fonts/fontawesome/fa-solid-900.woff2]
[brightelectronicsdallas.com/wp-content/themes/Divi/core/admin/fonts/fontawesome/fa-solid-900.woff]
[brightelectronicsdallas.com/wp-content/themes/Divi/core/admin/fonts/fontawesome/fa-solid-900.ttf]
[brightelectronicsdallas.com/wp-content/themes/Divi/core/admin/fonts/fontawesome/fa-brands-400.eot]
[brightelectronicsdallas.com/wp-content/themes/Divi/core/admin/fonts/fontawesome/fa-solid-900.svg]
[brightelectronicsdallas.com/wp-content/themes/Divi/core/admin/fonts/fontawesome/fa-brands-400d41d.eot]
[brightelectronicsdallas.com/wp-content/themes/Divi/core/admin/fonts/fontawesome/fa-brands-400.woff2]
[brightelectronicsdallas.com/wp-content/themes/Divi/core/admin/fonts/fontawesome/fa-brands-400.woff]
[brightelectronicsdallas.com/wp-content/themes/Divi/core/admin/fonts/fontawesome/fa-brands-400.ttf]
[brightelectronicsdallas.com/wp-content/themes/Divi/core/admin/fonts/fontawesome/fa-brands-400.svg]
[brightelectronicsdallas.com/wp-content/themes/Divi/includes/builder/styles/images/subscribe-loader.gif]
[brightelectronicsdallas.com/wp-content/themes/Divi/style-static.min41c1.css]
[use.fontawesome.com/releases/v6.2.0/css/v4-shims.css]
[www.googletagmanager.com/gtm5445.html]
[brightelectronicsdallas.com/wp-content/et-cache/151/et-core-unified-tb-290-151.minb25c.css]
[brightelectronicsdallas.com/wp-content/et-cache/151/et-core-unified-151.minb25c.css]
[brightelectronicsdallas.com/wp-content/uploads/2022/09/device-repair-20.jpg]
[brightelectronicsdallas.com/wp-content/et-cache/151/et-core-unified-tb-290-deferred-151.minb25c.css]
[brightelectronicsdallas.com/wp-content/themes/Divi/core/admin/fonts/modules/all/modules.svg]
[brightelectronicsdallas.com/wp-content/themes/Divi/core/admin/fonts/fontawesome/fa-regular-400.svg]
[brightelectronicsdallas.com/wp-content/themes/Divi/core/admin/fonts/fontawesome/fa-solid-900.svg]
[brightelectronicsdallas.com/wp-content/themes/Divi/core/admin/fonts/fontawesome/fa-brands-400.svg]
[brightelectronicsdallas.com/wp-content/uploads/2022/09/device-repair-20.html]
